=== Stage 6: FW-CADIS global variance reduction ===
model=ea L=16 T=2.6 (Tc=2.269) preset=full replicas=30 jobs=7

[1/3] calibrating the threshold FAMILY ...
   pilot saw 25,600 samples, extreme = -1.0469, bulk mean = -0.7297
   ladder spans E/N -0.5675 -> -1.0625
   calibrated target (1 step(s) beyond pilot extreme): E/N <= -1.0625
   -> rarer than ~3.9e-05, so naive MC of this size should struggle or fail
   6 thresholds spanning progress 0.6912 -> 1.0625
   (ONE map must serve all of them -- that is the whole point)

[2/3] pilot forward-response profile ...
   pilot occupies 19/22 bins (deep bins empty -> they get the allocation floor)

[3/3] head-to-head: uniform allocation vs FW-CADIS, SAME code ...

   uniform(a=0): cost=1.55e+08  walkers/bin min=10 max=10
      threshold       pi_hat   rel.err
         0.6912    6.680e-01     0.002
         0.7655    3.688e-01     0.003
         0.8397    9.400e-02     0.011
         0.9140    1.010e-02     0.039
         0.9882    4.049e-04     0.145
         1.0625    1.240e-05     1.049
   coverage: 6/6 thresholds observed; error-flatness over those: max/min = 518.04 (95% CI [363.3, 725.8]), sd(log) = 2.173

   FW-CADIS(a=1.0): cost=1.94e+07  walkers/bin min=2 max=46
      threshold       pi_hat   rel.err
         0.6912    6.679e-01     0.007
         0.7655    3.680e-01     0.017
         0.8397    9.404e-02     0.037
         0.9140    9.971e-03     0.107
         0.9882    4.539e-04     0.466
         1.0625    9.304e-06     3.088
   coverage: 6/6 thresholds observed; error-flatness over those: max/min = 426.20 (95% CI [63.7, 960.2]), sd(log) = 2.045

   naive: cost=1.34e+08  unobserved thresholds=0/6  error-flatness max/min = 445.06

--- verdict: does FW-CADIS flatten the error across the family? ---
   uniform   : max/min = 518.04 (95% CI [363.3, 725.8]), sd(log) = 2.173, cost = 1.55e+08
   FW-CADIS  : max/min = 426.20 (95% CI [63.7, 960.2]), sd(log) = 2.045, cost = 1.94e+07

   paired comparison (common random numbers): corr(pi_hat at shallowest threshold) = -0.046
      -> seed sharing bought ~no measurable correlation here (as the docstring warned it might not); the paired CI below is not meaningfully
         tighter than the independent one -- treat it as a sanity check, not a resolution.
   FW-CADIS - uniform (spread difference): -70.20 (95% CI [-509.5, +407.6])
      -> paired 95% CI still includes zero: not resolved even with paired analysis.
   coverage  : uniform 6/6,  FW-CADIS 6/6  <-- judged FIRST
   -> Bootstrap 95% CIs on max/min OVERLAP: the point-estimate gap is
      not statistically distinguishable at this replica count. Raise
      --replicas, don't read the point estimate as a verdict.
   NOTE: flatness is the metric here, NOT a single FOM. Comparing one
   threshold at a time is exactly what this stage is designed to replace.

saved results_fwcadis_paired_ea_L16_full.json   wall time 368s
