WE 1/20 [24s]
WE 2/20 [48s]
WE 3/20 [73s]
WE 4/20 [97s]
WE 5/20 [121s]
WE 6/20 [146s]
WE 7/20 [170s]
WE 8/20 [194s]
WE 9/20 [218s]
WE 10/20 [242s]
WE 11/20 [266s]
WE 12/20 [290s]
WE 13/20 [314s]
WE 14/20 [339s]
WE 15/20 [363s]
WE 16/20 [387s]
WE 17/20 [411s]
WE 18/20 [435s]
WE 19/20 [459s]
WE 20/20 [483s]
naive 1/20 [507s]
naive 2/20 [531s]
naive 3/20 [555s]
naive 4/20 [580s]
naive 5/20 [604s]
naive 6/20 [632s]
naive 7/20 [670s]
naive 8/20 [709s]
naive 9/20 [747s]
naive 10/20 [784s]
naive 11/20 [820s]
naive 12/20 [856s]
naive 13/20 [893s]
naive 14/20 [929s]
naive 15/20 [966s]
naive 16/20 [1000s]
naive 17/20 [1028s]
naive 18/20 [1051s]
naive 19/20 [1075s]
naive 20/20 [1110s]

cost WE~3.4e+08  naive~3.4e+08
   |m|       P(WE)    relW    P(naive)    relN
 0.023    1.14e-01    0.01    1.14e-01    0.00
 0.068    1.07e-01    0.01    1.07e-01    0.01
 0.114    1.04e-01    0.01    1.04e-01    0.00
 0.159    9.95e-02    0.01    9.95e-02    0.00
 0.205    9.42e-02    0.01    9.37e-02    0.00
 0.250    8.67e-02    0.01    8.70e-02    0.00
 0.295    7.88e-02    0.01    7.93e-02    0.00
 0.341    7.06e-02    0.01    7.06e-02    0.01
 0.386    6.11e-02    0.01    6.11e-02    0.00
 0.432    5.15e-02    0.02    5.15e-02    0.01
 0.477    4.18e-02    0.01    4.19e-02    0.01
 0.523    3.56e-02    0.02    3.56e-02    0.01
 0.568    2.26e-02    0.02    2.28e-02    0.01
 0.614    1.54e-02    0.02    1.54e-02    0.01
 0.659    9.17e-03    0.03    9.25e-03    0.01
 0.705    4.81e-03    0.04    4.84e-03    0.03
 0.750    2.03e-03    0.04    2.04e-03    0.03
 0.795    6.16e-04    0.07    6.26e-04    0.08
 0.841    1.19e-04    0.12    1.18e-04    0.12
 0.886    7.96e-06    0.79    9.32e-06    0.36
 0.932    1.09e-07    3.10    7.40e-08    4.47
 0.977    0.00e+00     nan           0     inf

naive floor |m|=0.932 (P~7.4e-08); WE reaches |m|=0.932 (P~1.1e-07)
relative s.d. at deepest WE point: 3.096 (was ~2.0 at R=4)
saved figs/ising_tail_r20.pdf  [1111s]
