preset=full jobs=8 stages=[1, 3, 4, 5]


======================================================================
STAGE 1: 01_van_ising   (VAN training; laptop ~6-10 min, full can be ~1 h)
======================================================================
$ (cd 01_van_ising && python3 run.py --L 16 --steps0 1000 --steps 400 --out results_L16)
[check] exact L=4 @ T=2.0: F/N=-2.1382  E/N=-1.7554  |m|=0.9189
[ 1/15] T= 3.500  F/N=-2.4334 (Onsager -2.7328)  E/N=-0.0171  C=0.167  |m|=0.050  [945s]
[ 2/15] T= 3.230  F/N=-2.2541 (Onsager -2.5757)  E/N=-0.0569  C=0.216  |m|=0.051  [1346s]
[ 3/15] T= 2.960  F/N=-2.1525 (Onsager -2.4258)  E/N=-0.7164  C=0.689  |m|=0.075  [1752s]
[ 4/15] T= 2.689  F/N=-2.0486 (Onsager -2.2865)  E/N=-0.9982  C=0.604  |m|=0.063  [2159s]
[ 5/15] T= 2.419  F/N=-1.9595 (Onsager -2.1643)  E/N=-1.2081  C=0.549  |m|=0.088  [2556s]
[ 6/15] T= 2.319  F/N=-1.9335 (Onsager -2.1263)  E/N=-1.2841  C=0.505  |m|=0.104  [2949s]
[ 7/15] T= 2.294  F/N=-1.9282 (Onsager -2.1177)  E/N=-1.2922  C=0.485  |m|=0.115  [3341s]
[ 8/15] T= 2.269  F/N=-1.9228 (Onsager -2.1097)  E/N=-1.3257  C=0.478  |m|=0.123  [3745s]
[ 9/15] T= 2.244  F/N=-1.9184 (Onsager -2.1024)  E/N=-1.3370  C=0.470  |m|=0.116  [4146s]
[10/15] T= 2.219  F/N=-1.9144 (Onsager -2.0956)  E/N=-1.3483  C=0.462  |m|=0.125  [4553s]
[11/15] T= 2.119  F/N=-1.8912 (Onsager -2.0726)  E/N=-1.3819  C=0.462  |m|=0.132  [4946s]
[12/15] T= 1.839  F/N=-1.8374 (Onsager -2.0312)  E/N=-1.5210  C=0.371  |m|=0.134  [5360s]
[13/15] T= 1.560  F/N=-1.7984 (Onsager -2.0110)  E/N=-1.6207  C=0.268  |m|=0.138  [5779s]
[14/15] T= 1.280  F/N=-1.7730 (Onsager -2.0027)  E/N=-1.6782  C=0.195  |m|=0.134  [6190s]
[15/15] T= 1.000  F/N=-1.7579 (Onsager -2.0003)  E/N=-1.7159  C=0.141  |m|=0.133  [6616s]

Saved results_L16_L16.csv and results_L16_L16_thermo.png
Total wall time: 6618s
--> OK in 6623s
$ (cd 01_van_ising && python3 critical_slowing_down.py)
Metropolis critical slowing down, L=32, 60000 sweeps/T
  T=1.600  tau_int(E) =    1.5   [21s]
  T=1.790  tau_int(E) =    2.0   [43s]
  T=1.979  tau_int(E) =    3.1   [65s]
  T=2.169  tau_int(E) =   12.4   [81s]
  T=2.219  tau_int(E) =   17.5   [95s]
  T=2.244  tau_int(E) =   31.4   [109s]
  T=2.269  tau_int(E) =   46.1   [122s]
  T=2.294  tau_int(E) =   39.4   [136s]
  T=2.319  tau_int(E) =   34.1   [150s]
  T=2.419  tau_int(E) =   12.7   [164s]
  T=2.679  tau_int(E) =    3.2   [179s]
  T=2.940  tau_int(E) =    2.0   [193s]
  T=3.200  tau_int(E) =    1.6   [208s]
Saved critical_slowing_down.png / .csv  (total 208s)
--> OK in 210s

======================================================================
STAGE 3: 03_phase1_framing   (exact zero-variance demo; seconds)
======================================================================
$ (cd 03_phase1_framing && python3 demo_committor.py)
Model: N=15, p=0.4 (drift toward 0), start s0=1
Exact committor / importance  h(s0) = pi = 1.144443e-03  (deep-penetration prob)

[naive analog MC]      M=400,000
   pi_hat = 1.140000e-03   rel.var = 2.1735e-03   steps = 1,960,684   FOM = 2.347e-04

[exact-importance IS]  M=2,000  (CADIS with the true adjoint)
   estimate = 1.144443e-03   rel.var = 1.096e-30   steps = 100,114   FOM = 9.117e+24
   -> every successful path carries the identical weight h(s0); variance ~ 0

[approx-importance PURE TILT] M=20,000  (biasing with an INEXACT adjoint)
   estimate = 1.153138e-03   rel.var = 4.5720e-01   steps = 1,554,732   FOM = 1.407e-06   <-- FRAGILE: worse than naive
   (pure tilting is exquisitely sensitive to importance error; weight
    windows -- split/roulette -- are the transport fix, quantified in Phase 2.)

[analytic] FOM per unit cost vs rarity (fixed statistics):
   naive rel.var ~ 1/(pi*M): FOM_naive ∝ pi ; exact-IS FOM independent of pi
   N=10  pi=8.824e-03   naive relative cost to 1% error ∝ 1/pi = 1.13e+02
   N=20  pi=1.504e-04   naive relative cost to 1% error ∝ 1/pi = 6.65e+03
   N=30  pi=2.608e-06   naive relative cost to 1% error ∝ 1/pi = 3.84e+05
   N=40  pi=4.522e-08   naive relative cost to 1% error ∝ 1/pi = 2.21e+07

saved figs/committor_demo.pdf
--> OK in 7s

======================================================================
STAGE 4: 04_phase2_core   (weight-window unit test + L=20 rare-tail figure; laptop ~10 min)
======================================================================
$ (cd 04_phase2_core && python3 ising_we.py)
L=4, T=2.6  (Tc=2.269); exact vs Weighted Ensemble on P(m):
      m      exact P         WE P    ratio
 -1.000    1.461e-01    1.467e-01     1.00
 -0.875    1.077e-01    1.077e-01     1.00
 -0.750    7.358e-02    7.367e-02     1.00
 -0.625    4.984e-02    4.955e-02     0.99
 -0.500    3.697e-02    3.690e-02     1.00
 -0.375    2.865e-02    2.900e-02     1.01
 -0.250    2.426e-02    2.433e-02     1.00
 -0.125    2.201e-02    2.148e-02     0.98
  0.000    2.179e-02    2.191e-02     1.01
  0.125    2.201e-02    2.184e-02     0.99
  0.250    2.426e-02    2.446e-02     1.01
  0.375    2.865e-02    2.844e-02     0.99
  0.500    3.697e-02    3.728e-02     1.01
  0.625    4.984e-02    4.984e-02     1.00
  0.750    7.358e-02    7.350e-02     1.00
  0.875    1.077e-01    1.075e-01     1.00
  1.000    1.461e-01    1.459e-01     1.00

mean |Δ ln P| over populated m = 0.006  (walkers≈340) -- should be small if unbiased
--> OK in 9s
$ (cd 04_phase2_core && python3 ww_1d.py)
Deep-penetration walk N=15, p=0.4; exact pi = 1.144443e-03
Reliability measured as the spread of the estimate over 60 independent replicas.
Approximate adjoint uses p=0.60 -- a strongly WRONG drift.

naive analog MC              mean=1.1979e-03  rel.bias=+0.047  across-replica rel.sd= 0.347  worst|bias|= 1.29  FOM=2.11e-04
exact-importance tilt        mean=1.1444e-03  rel.bias=-0.000  across-replica rel.sd= 0.000  worst|bias|= 0.00  FOM=7.43e+27
POOR tilt (no windows)       mean=1.1363e-03  rel.bias=-0.007  across-replica rel.sd= 0.157  worst|bias|= 0.44  FOM=1.24e-05
POOR tilt + WEIGHT WINDOWS   mean=1.0936e-03  rel.bias=-0.044  across-replica rel.sd= 0.229  worst|bias|= 0.72  FOM=4.86e-04

Same poor importance map, with vs without weight windows:
  pure tilt  : FOM 1.24e-05   (unbounded weights -> unreliable)
  + windows  : FOM 4.86e-04   (bounded weights   -> robust)
  window gain over naive: 2x
--> OK in 552s
$ (cd 04_phase2_core && python3 demo_tail.py)
[gate L=4] mean |dlnP(|m|)| = 0.007  (unbiased if small)

WE 1/4 [35s]
WE 2/4 [70s]
WE 3/4 [98s]
WE 4/4 [132s]
naive 1/4 [165s]
naive 2/4 [192s]
naive 3/4 [224s]
naive 4/4 [258s]

cost WE~3.4e+08  naive~3.4e+08
   |m|       P(WE)    relW    P(naive)    relN
 0.023    1.15e-01    0.00    1.14e-01    0.00
 0.068    1.07e-01    0.01    1.07e-01    0.00
 0.114    1.04e-01    0.01    1.04e-01    0.00
 0.159    9.92e-02    0.00    9.96e-02    0.00
 0.205    9.47e-02    0.01    9.34e-02    0.00
 0.250    8.66e-02    0.02    8.69e-02    0.00
 0.295    7.85e-02    0.01    7.91e-02    0.00
 0.341    7.00e-02    0.01    7.05e-02    0.01
 0.386    6.08e-02    0.01    6.10e-02    0.00
 0.432    5.15e-02    0.02    5.12e-02    0.00
 0.477    4.17e-02    0.01    4.18e-02    0.01
 0.523    3.60e-02    0.01    3.55e-02    0.01
 0.568    2.25e-02    0.01    2.29e-02    0.02
 0.614    1.57e-02    0.02    1.54e-02    0.01
 0.659    9.31e-03    0.02    9.24e-03    0.01
 0.705    4.80e-03    0.03    4.82e-03    0.04
 0.750    1.97e-03    0.06    2.04e-03    0.02
 0.795    6.39e-04    0.09    6.15e-04    0.06
 0.841    1.24e-04    0.16    1.18e-04    0.14
 0.886    6.23e-06    0.56    5.92e-06    0.20
 0.932    2.44e-07    2.00           0     inf
 0.977    0.00e+00     nan           0     inf

naive floor |m|=0.886 (P~5.9e-06); WE reaches |m|=0.932 (P~2.4e-07)
saved figs/ising_tail.pdf  [260s]
--> OK in 269s

======================================================================
STAGE 5: 05_neural_importance   (learned importance vs coordinate baselines; laptop ~20-40 min)
======================================================================
$ (cd 05_neural_importance && python3 neural_importance.py --gate --preset full)
[GATE] L=4 ferro T=2.6 thresh=1.0: exact pi = 2.921236e-01
       WE[m]        pi = 2.921611e-01   ratio to exact = 1.000
       WE[E]        pi = 2.925180e-01   ratio to exact = 1.001
       (weight windows are unbiased for ANY coordinate; ratios ~1 confirm the implementation)
       NOTE: a 16-spin system has no truly rare events (pi cannot go far below ~0.1),
       so this gate validates UNBIASEDNESS only -- efficiency is measured at larger L.
--> OK in 10s
$ (cd 05_neural_importance && python3 neural_importance.py --preset full --jobs 8)
=== Stage 5: learned importance vs coordinate baselines ===
model=ferro  L=16  T=2.6 (Tc=2.269)  preset=full  replicas=10  jobs=8
[0/2] calibrating a rare-but-reachable target ...
   pilot saw 25,600 samples, extreme = 0.9219
   calibrated target (1 step(s) beyond pilot extreme): |m| >= 0.9297
   -> rarer than ~3.9e-05, so naive MC of this size should struggle or fail

[1/2] learning I_theta(s) ...
   training set: 2500 configs; label (best reached) mean=0.5804 sd=0.1594 range=[0.258,0.924]  [7s]
   epoch 5/20  MSE=0.1251 (1.0 = predicting the mean)  [16s]
   epoch 10/20  MSE=0.1112 (1.0 = predicting the mean)  [23s]
   epoch 15/20  MSE=0.1032 (1.0 = predicting the mean)  [30s]
   epoch 20/20  MSE=0.1025 (1.0 = predicting the mean)  [35s]
      done [36s]

[2/2] head-to-head (FOM divides out cost; costs are NOT equalised) ...
   naive        pi=9.524e-06  rel.sd=0.441  cost=1.34e+08  FOM=3.827e-08  zero-replicas=0/10  [94s]
   WE[m]        pi=1.052e-05  rel.sd=0.614  cost=2.02e+08  FOM=1.311e-08  zero-replicas=0/10  [188s]
   WE[E]        pi=1.095e-05  rel.sd=1.343  cost=9.81e+07  FOM=5.653e-09  zero-replicas=2/10  [226s]
   WE[I_theta]  pi=7.916e-06  rel.sd=0.893  cost=1.82e+08  FOM=6.896e-09  zero-replicas=0/10  [410s]

--- summary (FOM relative to the Phase-2 baseline WE[m]) ---
   naive        FOM=3.827e-08   x    2.92 vs WE[m]
   WE[m]        FOM=1.311e-08   x    1.00 vs WE[m]
   WE[E]        FOM=5.653e-09   x    0.43 vs WE[m]
   WE[I_theta]  FOM=6.896e-09   x    0.53 vs WE[m]

Interpretation: for 'ferro', m is already a good coordinate, so the learned map need only match it.
For 'ea' (spin glass) m is useless -- that is where a learned importance map should win.
NOTE: methods with zero-replicas failed to observe the event at all in some replicas;
their FOM is not meaningful -- that IS the failure mode being demonstrated.

saved results_neural_ferro_L16_full.json   total wall time 410s
--> OK in 413s
$ (cd 05_neural_importance && python3 neural_importance.py --model ea --preset full --jobs 8)
=== Stage 5: learned importance vs coordinate baselines ===
model=ea  L=16  T=2.6 (Tc=2.269)  preset=full  replicas=10  jobs=8
[0/2] calibrating a rare-but-reachable target ...
   pilot saw 25,600 samples, extreme = -1.0469
   calibrated target (1 step(s) beyond pilot extreme): E/N <= -1.0625
   -> rarer than ~3.9e-05, so naive MC of this size should struggle or fail

[1/2] learning I_theta(s) ...
   training set: 2500 configs; label (best reached) mean=0.8598 sd=0.0288 range=[0.793,0.979]  [9s]
   epoch 5/20  MSE=0.7696 (1.0 = predicting the mean)  [18s]
   epoch 10/20  MSE=0.4291 (1.0 = predicting the mean)  [26s]
   epoch 15/20  MSE=0.3490 (1.0 = predicting the mean)  [33s]
   epoch 20/20  MSE=0.2712 (1.0 = predicting the mean)  [41s]
      done [42s]

[2/2] head-to-head (FOM divides out cost; costs are NOT equalised) ...
   naive        pi=1.000e-05  rel.sd=0.633  cost=1.34e+08  FOM=1.857e-08  zero-replicas=1/10  [102s]
   WE[m]        pi=1.016e-05  rel.sd=1.857  cost=3.72e+07  FOM=7.804e-09  zero-replicas=7/10  [121s]
   WE[E]        pi=2.433e-06  rel.sd=2.820  cost=9.09e+07  FOM=1.384e-09  zero-replicas=8/10  [163s]
   WE[I_theta]  pi=1.544e-05  rel.sd=1.052  cost=1.42e+08  FOM=6.360e-09  zero-replicas=2/10  [307s]

--- summary (FOM relative to the Phase-2 baseline WE[m]) ---
   naive        FOM=1.857e-08   x    2.38 vs WE[m]
   WE[m]        FOM=7.804e-09   x    1.00 vs WE[m]
   WE[E]        FOM=1.384e-09   x    0.18 vs WE[m]
   WE[I_theta]  FOM=6.360e-09   x    0.81 vs WE[m]

Interpretation: for 'ferro', m is already a good coordinate, so the learned map need only match it.
For 'ea' (spin glass) m is useless -- that is where a learned importance map should win.
NOTE: methods with zero-replicas failed to observe the event at all in some replicas;
their FOM is not meaningful -- that IS the failure mode being demonstrated.

saved results_neural_ea_L16_full.json   total wall time 307s
--> OK in 310s
