=== MILESTONE WE[E] baseline expansion START Wed Aug 19 09:02:59 AM +03 2026 ===
=== MILESTONE WE[E] baseline expansion DONE Wed Aug 19 11:00:51 AM +03 2026 ===
=== MILESTONE SEED 0 confirm START Wed Aug 19 11:00:51 AM +03 2026 ===
=== MILESTONE SEED 0 confirm DONE Wed Aug 19 11:31:26 AM +03 2026 ===
=== MILESTONE SEED 2 confirm START Wed Aug 19 11:31:26 AM +03 2026 ===
=== MILESTONE SEED 2 confirm DONE Wed Aug 19 12:02:27 PM +03 2026 ===
=== MILESTONE SEED 3 confirm START Wed Aug 19 12:02:27 PM +03 2026 ===
=== MILESTONE SEED 3 confirm DONE Wed Aug 19 12:32:48 PM +03 2026 ===
=== MILESTONE SEED 4 confirm START Wed Aug 19 12:32:48 PM +03 2026 ===
=== MILESTONE SEED 4 confirm DONE Wed Aug 19 01:03:23 PM +03 2026 ===
=== MILESTONE SEED 6 confirm START Wed Aug 19 01:03:23 PM +03 2026 ===
=== MILESTONE SEED 6 confirm DONE Wed Aug 19 01:33:44 PM +03 2026 ===
=== MILESTONE SEED 7 confirm START Wed Aug 19 01:33:44 PM +03 2026 ===
=== MILESTONE SEED 7 confirm DONE Wed Aug 19 02:04:14 PM +03 2026 ===
=== MILESTONE SEED 8 confirm START Wed Aug 19 02:04:14 PM +03 2026 ===
=== MILESTONE SEED 8 confirm DONE Wed Aug 19 02:34:56 PM +03 2026 ===
=== MILESTONE SEED 9 confirm START Wed Aug 19 02:34:56 PM +03 2026 ===
=== MILESTONE SEED 9 confirm DONE Wed Aug 19 03:05:31 PM +03 2026 ===
=== MILESTONE SEED 10 confirm START Wed Aug 19 03:05:31 PM +03 2026 ===
=== MILESTONE SEED 10 confirm DONE Wed Aug 19 03:36:10 PM +03 2026 ===
=== MILESTONE SEED 11 confirm START Wed Aug 19 03:36:10 PM +03 2026 ===
=== MILESTONE SEED 11 confirm DONE Wed Aug 19 04:08:46 PM +03 2026 ===
=== MILESTONE SEED 12 confirm START Wed Aug 19 04:08:46 PM +03 2026 ===
=== MILESTONE SEED 12 confirm DONE Wed Aug 19 04:42:16 PM +03 2026 ===
=== MILESTONE SEED 13 confirm START Wed Aug 19 04:42:16 PM +03 2026 ===
=== MILESTONE SEED 13 confirm DONE Wed Aug 19 05:13:31 PM +03 2026 ===
=== MILESTONE SEED 14 confirm START Wed Aug 19 05:13:31 PM +03 2026 ===
=== MILESTONE SEED 14 confirm DONE Wed Aug 19 05:44:20 PM +03 2026 ===
=== MILESTONE SEED 15 confirm START Wed Aug 19 05:44:20 PM +03 2026 ===
=== MILESTONE SEED 15 confirm DONE Wed Aug 19 06:15:49 PM +03 2026 ===
