=== ENSEMBLE RUN net-seed=20 START ===
=== Milestoning version ===
model=ea L=16 T=2.6 preset=custom beyond=1 replicas=10 jobs=7
[0/3] Running pilot and calibrating target...
   bulk mean = -0.7299, extreme = -1.0078, bulk_edge = -0.5689, target = -1.0356
   milestones: [-0.72985046 -0.77353021 -0.81720996 -0.86088971 -0.90456946 -0.94824921
 -0.99192896 -1.0356087 ]
[1/3] Collecting training data and computing milestone labels...
   loaded cached labels from .label_cache/labels_ea_L16_T2.6_b1_n2500.npz
   labels: mean=0.5650 sd=0.1191 range=[0.2448,1.0000]
   milestone bins occupied: [2, 3, 4, 5, 6, 7] of [0, 1, 2, 3, 4, 5, 6, 7]
[2/3] Training ImportanceNet ensemble (K=5, seeds=[20000, 20001, 20002, 20003, 20004]) on milestone labels...
   member 1/5 (seed=20000)
      done [21.9s]
   member 2/5 (seed=20001)
      done [18.4s]
   member 3/5 (seed=20002)
      done [18.0s]
   member 4/5 (seed=20003)
      done [17.1s]
   member 5/5 (seed=20004)
      done [16.6s]
   ensemble training done [93.7s total]
[3/3] Running head-to-head...
   naive        pi=5.286e-05  rel.sd=0.225  cost=1.34e+08  FOM=1.476e-07  zeros=0/10  [83.9s]
   WE[m]      pi=5.552e-05  rel.sd=0.201  cost=2.12e+08  FOM=1.173e-07  zeros=0/10  [199.7s]
   WE[E]      pi=4.488e-05  rel.sd=0.209  cost=5.45e+08  FOM=4.215e-08  zeros=0/10  [578.2s]
   WE[I_theta] pi=4.442e-05  rel.sd=0.272  cost=6.92e+08  FOM=1.948e-08  zeros=0/10  [4640.7s]

Results saved to results_ens20.json
Total wall time: 4640.7s
=== ENSEMBLE RUN net-seed=20 DONE ===
=== ENSEMBLE RUN net-seed=21 START ===
=== Milestoning version ===
model=ea L=16 T=2.6 preset=custom beyond=1 replicas=10 jobs=7
[0/3] Running pilot and calibrating target...
   bulk mean = -0.7299, extreme = -1.0078, bulk_edge = -0.5689, target = -1.0356
   milestones: [-0.72985046 -0.77353021 -0.81720996 -0.86088971 -0.90456946 -0.94824921
 -0.99192896 -1.0356087 ]
[1/3] Collecting training data and computing milestone labels...
   loaded cached labels from .label_cache/labels_ea_L16_T2.6_b1_n2500.npz
   labels: mean=0.5650 sd=0.1191 range=[0.2448,1.0000]
   milestone bins occupied: [2, 3, 4, 5, 6, 7] of [0, 1, 2, 3, 4, 5, 6, 7]
[2/3] Training ImportanceNet ensemble (K=5, seeds=[21000, 21001, 21002, 21003, 21004]) on milestone labels...
   member 1/5 (seed=21000)
      done [18.3s]
   member 2/5 (seed=21001)
      done [18.2s]
   member 3/5 (seed=21002)
      done [18.3s]
   member 4/5 (seed=21003)
      done [18.2s]
   member 5/5 (seed=21004)
      done [18.3s]
   ensemble training done [92.3s total]
[3/3] Running head-to-head...
   naive        pi=5.286e-05  rel.sd=0.225  cost=1.34e+08  FOM=1.476e-07  zeros=0/10  [83.5s]
   WE[m]      pi=5.552e-05  rel.sd=0.201  cost=2.12e+08  FOM=1.173e-07  zeros=0/10  [200.8s]
   WE[E]      pi=4.488e-05  rel.sd=0.209  cost=5.45e+08  FOM=4.215e-08  zeros=0/10  [579.0s]
   WE[I_theta] pi=4.865e-05  rel.sd=0.229  cost=6.91e+08  FOM=2.750e-08  zeros=0/10  [4678.4s]

Results saved to results_ens21.json
Total wall time: 4678.4s
=== ENSEMBLE RUN net-seed=21 DONE ===
=== ENSEMBLE RUN net-seed=22 START ===
=== Milestoning version ===
model=ea L=16 T=2.6 preset=custom beyond=1 replicas=10 jobs=7
[0/3] Running pilot and calibrating target...
   bulk mean = -0.7299, extreme = -1.0078, bulk_edge = -0.5689, target = -1.0356
   milestones: [-0.72985046 -0.77353021 -0.81720996 -0.86088971 -0.90456946 -0.94824921
 -0.99192896 -1.0356087 ]
[1/3] Collecting training data and computing milestone labels...
   loaded cached labels from .label_cache/labels_ea_L16_T2.6_b1_n2500.npz
   labels: mean=0.5650 sd=0.1191 range=[0.2448,1.0000]
   milestone bins occupied: [2, 3, 4, 5, 6, 7] of [0, 1, 2, 3, 4, 5, 6, 7]
[2/3] Training ImportanceNet ensemble (K=5, seeds=[22000, 22001, 22002, 22003, 22004]) on milestone labels...
   member 1/5 (seed=22000)
      done [16.8s]
   member 2/5 (seed=22001)
      done [16.8s]
   member 3/5 (seed=22002)
      done [16.8s]
   member 4/5 (seed=22003)
      done [16.7s]
   member 5/5 (seed=22004)
      done [16.7s]
   ensemble training done [84.8s total]
[3/3] Running head-to-head...
   naive        pi=5.286e-05  rel.sd=0.225  cost=1.34e+08  FOM=1.476e-07  zeros=0/10  [83.7s]
   WE[m]      pi=5.552e-05  rel.sd=0.201  cost=2.12e+08  FOM=1.173e-07  zeros=0/10  [199.2s]
   WE[E]      pi=4.488e-05  rel.sd=0.209  cost=5.45e+08  FOM=4.215e-08  zeros=0/10  [577.9s]
   WE[I_theta] pi=4.854e-05  rel.sd=0.199  cost=6.84e+08  FOM=3.692e-08  zeros=0/10  [4679.4s]

Results saved to results_ens22.json
Total wall time: 4679.4s
=== ENSEMBLE RUN net-seed=22 DONE ===
=== ENSEMBLE RUN net-seed=23 START ===
=== Milestoning version ===
model=ea L=16 T=2.6 preset=custom beyond=1 replicas=10 jobs=7
[0/3] Running pilot and calibrating target...
   bulk mean = -0.7299, extreme = -1.0078, bulk_edge = -0.5689, target = -1.0356
   milestones: [-0.72985046 -0.77353021 -0.81720996 -0.86088971 -0.90456946 -0.94824921
 -0.99192896 -1.0356087 ]
[1/3] Collecting training data and computing milestone labels...
   loaded cached labels from .label_cache/labels_ea_L16_T2.6_b1_n2500.npz
   labels: mean=0.5650 sd=0.1191 range=[0.2448,1.0000]
   milestone bins occupied: [2, 3, 4, 5, 6, 7] of [0, 1, 2, 3, 4, 5, 6, 7]
[2/3] Training ImportanceNet ensemble (K=5, seeds=[23000, 23001, 23002, 23003, 23004]) on milestone labels...
   member 1/5 (seed=23000)
      done [17.0s]
   member 2/5 (seed=23001)
      done [16.9s]
   member 3/5 (seed=23002)
      done [17.0s]
   member 4/5 (seed=23003)
      done [16.9s]
   member 5/5 (seed=23004)
      done [16.9s]
   ensemble training done [85.7s total]
[3/3] Running head-to-head...
   naive        pi=5.286e-05  rel.sd=0.225  cost=1.34e+08  FOM=1.476e-07  zeros=0/10  [83.3s]
   WE[m]      pi=5.552e-05  rel.sd=0.201  cost=2.12e+08  FOM=1.173e-07  zeros=0/10  [198.8s]
   WE[E]      pi=4.488e-05  rel.sd=0.209  cost=5.45e+08  FOM=4.215e-08  zeros=0/10  [576.8s]
   WE[I_theta] pi=4.645e-05  rel.sd=0.215  cost=7.01e+08  FOM=3.072e-08  zeros=0/10  [4694.0s]

Results saved to results_ens23.json
Total wall time: 4694.0s
=== ENSEMBLE RUN net-seed=23 DONE ===
=== ENSEMBLE RUN net-seed=24 START ===
=== Milestoning version ===
model=ea L=16 T=2.6 preset=custom beyond=1 replicas=10 jobs=7
[0/3] Running pilot and calibrating target...
   bulk mean = -0.7299, extreme = -1.0078, bulk_edge = -0.5689, target = -1.0356
   milestones: [-0.72985046 -0.77353021 -0.81720996 -0.86088971 -0.90456946 -0.94824921
 -0.99192896 -1.0356087 ]
[1/3] Collecting training data and computing milestone labels...
   loaded cached labels from .label_cache/labels_ea_L16_T2.6_b1_n2500.npz
   labels: mean=0.5650 sd=0.1191 range=[0.2448,1.0000]
   milestone bins occupied: [2, 3, 4, 5, 6, 7] of [0, 1, 2, 3, 4, 5, 6, 7]
[2/3] Training ImportanceNet ensemble (K=5, seeds=[24000, 24001, 24002, 24003, 24004]) on milestone labels...
   member 1/5 (seed=24000)
      done [17.0s]
   member 2/5 (seed=24001)
      done [17.1s]
   member 3/5 (seed=24002)
      done [17.1s]
   member 4/5 (seed=24003)
      done [17.0s]
   member 5/5 (seed=24004)
      done [17.0s]
   ensemble training done [86.0s total]
[3/3] Running head-to-head...
   naive        pi=5.286e-05  rel.sd=0.225  cost=1.34e+08  FOM=1.476e-07  zeros=0/10  [83.5s]
   WE[m]      pi=5.552e-05  rel.sd=0.201  cost=2.12e+08  FOM=1.173e-07  zeros=0/10  [199.9s]
   WE[E]      pi=4.488e-05  rel.sd=0.209  cost=5.45e+08  FOM=4.215e-08  zeros=0/10  [580.6s]
   WE[I_theta] pi=4.716e-05  rel.sd=0.194  cost=6.92e+08  FOM=3.838e-08  zeros=0/10  [4735.5s]

Results saved to results_ens24.json
Total wall time: 4735.5s
=== ENSEMBLE RUN net-seed=24 DONE ===
