=== Stage 5: learned importance vs coordinate baselines ===
model=ea  L=12  T=2.6 (Tc=2.269)  preset=laptop  replicas=6  jobs=6
[0/2] calibrating a rare-but-reachable target ...
   pilot saw 25,600 samples, extreme = -1.1250, bulk mean = -0.7189
   ladder spans E/N -0.5061 -> -1.1250
   calibrated target (0 step(s) beyond pilot extreme): E/N <= -1.1250
   -> rarer than ~3.9e-05, so naive MC of this size should struggle or fail

[1/2] learning I_theta(s) (objective=selfconsistent) ...
   training set: 900 configs, 0 already in the target, 4 boundary-anchor states force-included, 94 bulk-anchor states  [0s]
   epoch 3/12  mean self-consistency residual^2=12.902458  [112s]
   epoch 6/12  mean self-consistency residual^2=0.930555  [284s]
   epoch 9/12  mean self-consistency residual^2=0.111122  [520s]
   epoch 12/12  mean self-consistency residual^2=0.040225  [751s]
   trained ln I(s) over the training set: mean=-5.8736 sd=0.1429 range=[-6.210,-5.415]
      done [752s]

[2/2] head-to-head (FOM divides out cost; costs are NOT equalised) ...
   naive        pi=4.650e-05  rel.sd=0.440  cost=1.61e+07  FOM=3.197e-07  zero-replicas=0/6  [758s]
   WE[m]        pi=0.000e+00  rel.sd=inf  cost=5.97e+06  FOM=0.000e+00  zero-replicas=6/6  [762s]
   WE[E]        pi=4.916e-05  rel.sd=0.788  cost=2.14e+07  FOM=7.528e-08  zero-replicas=2/6  [770s]
   WE[I_theta]  pi=4.033e-05  rel.sd=1.025  cost=1.91e+07  FOM=4.978e-08  zero-replicas=2/6  [783s]

--- summary (FOM relative to the Phase-2 baseline WE[m]) ---
   naive        FOM=3.197e-07   x     nan vs WE[m]
   WE[m]        FOM=0.000e+00   x     nan vs WE[m]
   WE[E]        FOM=7.528e-08   x     nan vs WE[m]
   WE[I_theta]  FOM=4.978e-08   x     nan vs WE[m]

Interpretation: for 'ferro', m is already a good coordinate, so the learned map need only match it.
For 'ea' (spin glass) m is useless -- that is where a learned importance map should win.
NOTE: methods with zero-replicas failed to observe the event at all in some replicas;
their FOM is not meaningful -- that IS the failure mode being demonstrated.

saved results_neural_ea_L12_laptop_selfconsistent.json   total wall time 783s
