=== Stage 5: learned importance vs coordinate baselines ===
model=ea  L=12  T=2.6 (Tc=2.269)  preset=laptop  replicas=6  jobs=6
[0/2] calibrating a rare-but-reachable target ...
   pilot saw 25,600 samples, extreme = -1.1250, bulk mean = -0.7189
   ladder spans E/N -0.5061 -> -1.1250
   calibrated target (0 step(s) beyond pilot extreme): E/N <= -1.1250
   -> rarer than ~3.9e-05, so naive MC of this size should struggle or fail

[1/2] learning I_theta(s) ...
   training set: 900 configs; label (best reached) mean=0.8843 sd=0.0479 range=[0.787,1.097]  [2s]
   epoch 3/12  MSE=0.9586 (1.0 = predicting the mean)  [5s]
   epoch 6/12  MSE=0.9318 (1.0 = predicting the mean)  [6s]
   epoch 9/12  MSE=0.8793 (1.0 = predicting the mean)  [7s]
   epoch 12/12  MSE=0.8296 (1.0 = predicting the mean)  [8s]
      done [9s]

[2/2] head-to-head (FOM divides out cost; costs are NOT equalised) ...
   naive        pi=4.650e-05  rel.sd=0.440  cost=1.61e+07  FOM=3.197e-07  zero-replicas=0/6  [15s]
   WE[m]        pi=0.000e+00  rel.sd=inf  cost=5.97e+06  FOM=0.000e+00  zero-replicas=6/6  [19s]
   WE[E]        pi=4.916e-05  rel.sd=0.788  cost=2.14e+07  FOM=7.528e-08  zero-replicas=2/6  [28s]
   WE[I_theta]  pi=1.723e-05  rel.sd=1.319  cost=1.96e+07  FOM=2.932e-08  zero-replicas=3/6  [42s]

--- summary (FOM relative to the Phase-2 baseline WE[m]) ---
   naive        FOM=3.197e-07   x     nan vs WE[m]
   WE[m]        FOM=0.000e+00   x     nan vs WE[m]
   WE[E]        FOM=7.528e-08   x     nan vs WE[m]
   WE[I_theta]  FOM=2.932e-08   x     nan vs WE[m]

Interpretation: for 'ferro', m is already a good coordinate, so the learned map need only match it.
For 'ea' (spin glass) m is useless -- that is where a learned importance map should win.
NOTE: methods with zero-replicas failed to observe the event at all in some replicas;
their FOM is not meaningful -- that IS the failure mode being demonstrated.

saved results_neural_ea_L12_laptop.json   total wall time 42s
