=== Stage 5: learned importance vs coordinate baselines ===
model=ea  L=16  T=2.6 (Tc=2.269)  preset=full  replicas=10  jobs=8
[0/2] calibrating a rare-but-reachable target ...
   pilot saw 25,600 samples, extreme = -1.0469, bulk mean = -0.7297
   ladder spans E/N -0.5675 -> -1.0781
   calibrated target (2 step(s) beyond pilot extreme): E/N <= -1.0781
   -> rarer than ~3.9e-05, so naive MC of this size should struggle or fail

[1/2] learning I_theta(s) ...
   training set: 2500 configs; label (best reached) mean=0.8598 sd=0.0288 range=[0.793,0.979]  [15s]
   epoch 5/20  MSE=0.7696 (1.0 = predicting the mean)  [25s]
   epoch 10/20  MSE=0.4291 (1.0 = predicting the mean)  [32s]
   epoch 15/20  MSE=0.3490 (1.0 = predicting the mean)  [40s]
   epoch 20/20  MSE=0.2712 (1.0 = predicting the mean)  [47s]
      done [49s]

[2/2] head-to-head (FOM divides out cost; costs are NOT equalised) ...
   naive        pi=2.619e-06  rel.sd=1.000  cost=1.34e+08  FOM=7.434e-09  zero-replicas=4/10  [117s]
   WE[m]        pi=0.000e+00  rel.sd=inf  cost=3.72e+07  FOM=0.000e+00  zero-replicas=10/10  [142s]
   WE[E]        pi=4.108e-06  rel.sd=1.707  cost=1.57e+08  FOM=2.184e-09  zero-replicas=5/10  [226s]
   WE[I_theta]  pi=3.513e-06  rel.sd=2.126  cost=1.42e+08  FOM=1.557e-09  zero-replicas=7/10  [386s]

--- summary (FOM relative to the Phase-2 baseline WE[m]) ---
   naive        FOM=7.434e-09   x     nan vs WE[m]
   WE[m]        FOM=0.000e+00   x     nan vs WE[m]
   WE[E]        FOM=2.184e-09   x     nan vs WE[m]
   WE[I_theta]  FOM=1.557e-09   x     nan vs WE[m]

Interpretation: for 'ferro', m is already a good coordinate, so the learned map need only match it.
For 'ea' (spin glass) m is useless -- that is where a learned importance map should win.
NOTE: methods with zero-replicas failed to observe the event at all in some replicas;
their FOM is not meaningful -- that IS the failure mode being demonstrated.

saved results_neural_ea_L16_full.json   total wall time 386s
