=== Stage 5: learned importance vs coordinate baselines ===
model=ea  L=16  T=2.6 (Tc=2.269)  preset=full  replicas=30  jobs=7
[0/2] calibrating a rare-but-reachable target ...
   pilot saw 25,600 samples, extreme = -1.0469, bulk mean = -0.7297
   ladder spans E/N -0.5675 -> -1.0469
   calibrated target (0 step(s) beyond pilot extreme): E/N <= -1.0469
   -> rarer than ~3.9e-05, so naive MC of this size should struggle or fail

[1/2] learning I_theta(s) (objective=surrogate) ...
   training set: 2500 configs; label (best reached) mean=0.8598 sd=0.0288 range=[0.793,0.979]  [9s]
   epoch 5/20  MSE=0.7690 (1.0 = predicting the mean)  [15s]
   epoch 10/20  MSE=0.4252 (1.0 = predicting the mean)  [19s]
   epoch 15/20  MSE=0.3441 (1.0 = predicting the mean)  [23s]
   epoch 20/20  MSE=0.2708 (1.0 = predicting the mean)  [26s]
      done [27s]

[2/2] head-to-head (FOM divides out cost; costs are NOT equalised) ...
   naive        pi=3.151e-05  rel.sd=0.276  cost=1.34e+08  FOM=9.755e-08  zero-replicas=0/30  [167s]
   WE[m]        pi=2.928e-05  rel.sd=0.976  cost=3.72e+07  FOM=2.821e-08  zero-replicas=9/30  [196s]
   WE[E]        pi=3.205e-05  rel.sd=0.599  cost=1.68e+08  FOM=1.661e-08  zero-replicas=0/30  [389s]
   WE[I_theta]  pi=3.742e-05  rel.sd=0.741  cost=1.41e+08  FOM=1.292e-08  zero-replicas=1/30  [734s]

--- summary (FOM relative to the Phase-2 baseline WE[m]) ---
   naive        FOM=9.755e-08   x    3.46 vs WE[m]
   WE[m]        FOM=2.821e-08   x    1.00 vs WE[m]
   WE[E]        FOM=1.661e-08   x    0.59 vs WE[m]
   WE[I_theta]  FOM=1.292e-08   x    0.46 vs WE[m]

Interpretation: for 'ferro', m is already a good coordinate, so the learned map need only match it.
For 'ea' (spin glass) m is useless -- that is where a learned importance map should win.
NOTE: methods with zero-replicas failed to observe the event at all in some replicas;
their FOM is not meaningful -- that IS the failure mode being demonstrated.

saved results_kimcai_surrogate_b0_r30_ea_L16_full.json   total wall time 734s
