=== Stage 5: learned importance vs coordinate baselines ===
model=ea  L=16  T=2.6 (Tc=2.269)  preset=full  replicas=10  jobs=7
[0/2] calibrating a rare-but-reachable target ...
   pilot saw 25,600 samples, extreme = -1.0469, bulk mean = -0.7297
   ladder spans E/N -0.5675 -> -1.0625
   calibrated target (1 step(s) beyond pilot extreme): E/N <= -1.0625
   -> rarer than ~3.9e-05, so naive MC of this size should struggle or fail

[1/2] learning I_theta(s) (objective=selfconsistent) ...
   training set: 2500 configs, 18 already in the target, 26 boundary-anchor states force-included, 271 bulk-anchor states  [2s]
   epoch 5/20  mean self-consistency residual^2=6.583649  [1206s]
   epoch 10/20  mean self-consistency residual^2=1.031922  [2288s]
   epoch 15/20  mean self-consistency residual^2=0.403377  [3352s]
   epoch 20/20  mean self-consistency residual^2=0.200575  [4413s]
   trained ln I(s) over the training set: mean=-5.8730 sd=0.7382 range=[-7.522,-0.120]
      done [4414s]

[2/2] head-to-head (FOM divides out cost; costs are NOT equalised) ...
   naive        pi=1.000e-05  rel.sd=0.633  cost=1.34e+08  FOM=1.857e-08  zero-replicas=1/10  [4460s]
   WE[m]        pi=1.016e-05  rel.sd=1.857  cost=3.72e+07  FOM=7.804e-09  zero-replicas=7/10  [4471s]
   WE[E]        pi=1.647e-05  rel.sd=1.115  cost=1.61e+08  FOM=5.000e-09  zero-replicas=2/10  [4527s]
   WE[I_theta]  pi=1.709e-05  rel.sd=1.063  cost=1.46e+08  FOM=6.068e-09  zero-replicas=1/10  [4646s]

--- summary (FOM relative to the Phase-2 baseline WE[m]) ---
   naive        FOM=1.857e-08   x    2.38 vs WE[m]
   WE[m]        FOM=7.804e-09   x    1.00 vs WE[m]
   WE[E]        FOM=5.000e-09   x    0.64 vs WE[m]
   WE[I_theta]  FOM=6.068e-09   x    0.78 vs WE[m]

Interpretation: for 'ferro', m is already a good coordinate, so the learned map need only match it.
For 'ea' (spin glass) m is useless -- that is where a learned importance map should win.
NOTE: methods with zero-replicas failed to observe the event at all in some replicas;
their FOM is not meaningful -- that IS the failure mode being demonstrated.

saved results_kimcai_sc_b1_ea_L16_full_selfconsistent.json   total wall time 4646s
