=== Milestoning version ===
model=ea L=16 T=2.6 preset=custom beyond=1 replicas=10 jobs=7
[0/3] Running pilot and calibrating target...
   bulk mean = -0.7299, extreme = -1.0078, bulk_edge = -0.5689, target = -1.0356
   milestones: [-0.72985046 -0.77353021 -0.81720996 -0.86088971 -0.90456946 -0.94824921
 -0.99192896 -1.0356087 ]
[1/3] Collecting training data and computing milestone labels...
   computed in 203.9s, cached to .label_cache/labels_ea_L16_T2.6_b1_n2500.npz
   labels: mean=0.5650 sd=0.1191 range=[0.2448,1.0000]
   milestone bins occupied: [2, 3, 4, 5, 6, 7] of [0, 1, 2, 3, 4, 5, 6, 7]
[2/3] Training ImportanceNet on milestone labels...
   epoch 5/20  MSE=1.0245  [5.8s]
   epoch 10/20  MSE=0.9651  [11.3s]
   epoch 15/20  MSE=0.8255  [17.4s]
   epoch 20/20  MSE=0.7007  [25.3s]
   training done [25.3s]
[3/3] Running head-to-head...
   naive        pi=5.286e-05  rel.sd=0.225  cost=1.34e+08  FOM=1.476e-07  zeros=0/10  [88.0s]
   WE[m]      pi=4.562e-05  rel.sd=0.328  cost=3.18e+08  FOM=2.934e-08  zeros=0/10  [260.9s]
   WE[E]      pi=5.103e-05  rel.sd=0.221  cost=8.15e+08  FOM=2.509e-08  zeros=0/10  [2535.4s]
   WE[I_theta] pi=4.841e-05  rel.sd=0.172  cost=1.04e+09  FOM=3.256e-08  zeros=0/10  [4184.5s]

Results saved to results_milestone_beyond1_boot.json
Total wall time: 4184.5s
