=== Milestoning version ===
model=ea L=16 T=2.6 preset=custom beyond=1 replicas=10 jobs=7
[0/3] Running pilot and calibrating target...
   bulk mean = -0.7299, extreme = -1.0078, bulk_edge = -0.5689, target = -1.0356
   milestones: [-0.72985046 -0.77353021 -0.81720996 -0.86088971 -0.90456946 -0.94824921
 -0.99192896 -1.0356087 ]
[1/3] Collecting training data and computing milestone labels...
   loaded cached labels from .label_cache/labels_ea_L16_T2.6_b1_n2500.npz
   labels: mean=0.5650 sd=0.1191 range=[0.2448,1.0000]
   milestone bins occupied: [2, 3, 4, 5, 6, 7] of [0, 1, 2, 3, 4, 5, 6, 7]
[2/3] Training ImportanceNet ensemble (K=1, seeds=[4]) on milestone labels...
   member 1/1 (seed=4)
      epoch 5/20  MSE=1.0320  [4.6s]
      epoch 10/20  MSE=0.9902  [9.1s]
      epoch 15/20  MSE=0.8803  [13.6s]
      epoch 20/20  MSE=0.7234  [18.0s]
      done [18.0s]
   ensemble training done [19.0s total]
[3/3] Running head-to-head...
   naive        pi=5.286e-05  rel.sd=0.225  cost=1.34e+08  FOM=1.476e-07  zeros=0/10  [85.2s]
   WE[m]      pi=5.552e-05  rel.sd=0.201  cost=2.12e+08  FOM=1.173e-07  zeros=0/10  [204.9s]
   WE[E]      pi=4.488e-05  rel.sd=0.209  cost=5.45e+08  FOM=4.215e-08  zeros=0/10  [593.4s]
   WE[I_theta] pi=4.132e-05  rel.sd=0.128  cost=6.92e+08  FOM=8.814e-08  zeros=0/10  [1813.1s]

Results saved to results_seed4_walltime_confirm.json
Total wall time: 1813.1s
