=== Milestoning version ===
model=ea L=16 T=2.6 preset=custom beyond=1 replicas=10 jobs=7
[0/3] Running pilot and calibrating target...
   bulk mean = -0.7299, extreme = -1.0078, bulk_edge = -0.5689, target = -1.0356
   milestones: [-0.72985046 -0.77353021 -0.81720996 -0.86088971 -0.90456946 -0.94824921
 -0.99192896 -1.0356087 ]
[1/3] Collecting training data and computing milestone labels...
   loaded cached labels from .label_cache/labels_ea_L16_T2.6_b1_n2500.npz
   labels: mean=0.5650 sd=0.1191 range=[0.2448,1.0000]
   milestone bins occupied: [2, 3, 4, 5, 6, 7] of [0, 1, 2, 3, 4, 5, 6, 7]
[2/3] Training ImportanceNet ensemble (K=1, seeds=[0]) on milestone labels...
   member 1/1 (seed=0)
      epoch 5/20  MSE=1.0317  [5.0s]
      epoch 10/20  MSE=0.9798  [10.1s]
      epoch 15/20  MSE=0.8516  [15.2s]
      epoch 20/20  MSE=0.6945  [20.2s]
      done [20.2s]
   ensemble training done [22.0s total]
[3/3] Running head-to-head...
   naive        pi=5.286e-05  rel.sd=0.225  cost=1.34e+08  FOM=1.476e-07  zeros=0/10  [85.3s]
   WE[m]      pi=5.552e-05  rel.sd=0.201  cost=2.12e+08  FOM=1.173e-07  zeros=0/10  [204.9s]
   WE[E]      pi=4.488e-05  rel.sd=0.209  cost=5.45e+08  FOM=4.215e-08  zeros=0/10  [593.3s]
   WE[I_theta] pi=5.275e-05  rel.sd=0.127  cost=6.90e+08  FOM=8.941e-08  zeros=0/10  [1810.0s]

Results saved to results_seed0_walltime_confirm.json
Total wall time: 1810.0s
