=== Milestoning version ===
model=ea L=16 T=2.6 preset=custom beyond=2 replicas=10 jobs=7
[0/3] Running pilot and calibrating target...
   bulk mean = -0.7299, extreme = -1.0078, bulk_edge = -0.5689, target = -1.0634
   milestones: [-0.72985046 -0.7775011  -0.82515173 -0.87280237 -0.920453   -0.96810364
 -1.01575427 -1.06340491]
[1/3] Collecting training data and computing milestone labels...
   computed in 199.6s, cached to .label_cache/labels_ea_L16_T2.6_b2_n2500.npz
   labels: mean=0.5180 sd=0.1095 range=[0.2244,1.0000]
   milestone bins occupied: [2, 3, 4, 5, 6, 7] of [0, 1, 2, 3, 4, 5, 6, 7]
[2/3] Training ImportanceNet on milestone labels...
   epoch 5/20  MSE=1.0158  [4.5s]
   epoch 10/20  MSE=0.9611  [9.0s]
   epoch 15/20  MSE=0.8661  [13.7s]
   epoch 20/20  MSE=0.7062  [18.0s]
   training done [18.0s]
[3/3] Running head-to-head...
   naive        pi=5.476e-06  rel.sd=0.461  cost=1.34e+08  FOM=3.507e-08  zeros=0/10  [83.8s]
   WE[m]      pi=7.342e-06  rel.sd=0.561  cost=6.36e+08  FOM=4.997e-09  zeros=0/10  [429.5s]
   WE[E]      pi=6.486e-06  rel.sd=0.290  cost=1.63e+09  FOM=7.276e-09  zeros=0/10  [1533.7s]
   WE[I_theta] pi=7.095e-06  rel.sd=0.540  cost=2.02e+09  FOM=1.698e-09  zeros=0/10  [4398.3s]

Results saved to results_milestone_beyond2_weiter2000.json
Total wall time: 4398.4s
