=== Milestoning version ===
model=ea L=16 T=2.6 preset=custom beyond=2 replicas=10 jobs=7
[0/3] Running pilot and calibrating target...
   bulk mean = -0.7299, extreme = -1.0078, bulk_edge = -0.5689, target = -1.0634
   milestones: [-0.72985046 -0.7775011  -0.82515173 -0.87280237 -0.920453   -0.96810364
 -1.01575427 -1.06340491]
[1/3] Collecting training data and computing milestone labels...
   loaded cached labels from .label_cache/labels_ea_L16_T2.6_b2_n2500.npz
   labels: mean=0.5180 sd=0.1095 range=[0.2244,1.0000]
   milestone bins occupied: [2, 3, 4, 5, 6, 7] of [0, 1, 2, 3, 4, 5, 6, 7]
[2/3] Training ImportanceNet on milestone labels...
   epoch 5/20  MSE=1.0139  [5.3s]
   epoch 10/20  MSE=0.9400  [10.6s]
   epoch 15/20  MSE=0.8217  [15.7s]
   epoch 20/20  MSE=0.7068  [20.6s]
   training done [20.6s]
[3/3] Running head-to-head...
   naive        pi=5.476e-06  rel.sd=0.461  cost=1.34e+08  FOM=3.507e-08  zeros=0/10  [84.3s]
   WE[m]      pi=9.005e-06  rel.sd=0.621  cost=3.81e+08  FOM=6.801e-09  zeros=0/10  [324.5s]
   WE[E]      pi=6.217e-06  rel.sd=0.538  cost=5.45e+08  FOM=6.345e-09  zeros=0/10  [710.6s]
   WE[I_theta] pi=7.788e-06  rel.sd=0.395  cost=1.19e+09  FOM=5.363e-09  zeros=0/10  [2914.6s]

Results saved to results_milestone_beyond2_nbins90.json
Total wall time: 2914.6s
