=== Milestoning version ===
model=ea L=16 T=2.6 preset=custom beyond=2 replicas=10 jobs=7
[0/3] Running pilot and calibrating target...
   bulk mean = -0.7299, extreme = -1.0078, bulk_edge = -0.5689, target = -1.0634
   milestones: [-0.72985046 -0.7775011  -0.82515173 -0.87280237 -0.920453   -0.96810364
 -1.01575427 -1.06340491]
[1/3] Collecting training data and computing milestone labels...
   computed in 202.1s, cached to .label_cache/labels_ea_L16_T2.6_b2_n2500.npz
   labels: mean=0.5180 sd=0.1095 range=[0.2244,1.0000]
   milestone bins occupied: [2, 3, 4, 5, 6, 7] of [0, 1, 2, 3, 4, 5, 6, 7]
[2/3] Training ImportanceNet on milestone labels...
   epoch 5/20  MSE=1.0078  [5.4s]
   epoch 10/20  MSE=0.9453  [10.6s]
   epoch 15/20  MSE=0.7800  [15.7s]
   epoch 20/20  MSE=0.6613  [20.9s]
   training done [20.9s]
[3/3] Running head-to-head...
   naive        pi=5.476e-06  rel.sd=0.461  cost=1.34e+08  FOM=3.507e-08  zeros=0/10  [85.2s]
   WE[m]      pi=9.669e-06  rel.sd=0.781  cost=2.12e+08  FOM=7.730e-09  zeros=0/10  [201.9s]
   WE[E]      pi=7.484e-06  rel.sd=0.446  cost=5.45e+08  FOM=9.214e-09  zeros=0/10  [584.6s]
   WE[I_theta] pi=7.455e-06  rel.sd=0.416  cost=6.90e+08  FOM=8.360e-09  zeros=0/10  [1782.2s]

Results saved to results_milestone_beyond2.json
Total wall time: 1782.2s
