=== SEED 8 START ===
=== Milestoning version ===
model=ea L=16 T=2.6 preset=custom beyond=1 replicas=10 jobs=7
[0/3] Running pilot and calibrating target...
   bulk mean = -0.7299, extreme = -1.0078, bulk_edge = -0.5689, target = -1.0356
   milestones: [-0.72985046 -0.77353021 -0.81720996 -0.86088971 -0.90456946 -0.94824921
 -0.99192896 -1.0356087 ]
[1/3] Collecting training data and computing milestone labels...
   computed in 203.3s, cached to .label_cache/labels_ea_L16_T2.6_b1_n2500.npz
   labels: mean=0.5650 sd=0.1191 range=[0.2448,1.0000]
   milestone bins occupied: [2, 3, 4, 5, 6, 7] of [0, 1, 2, 3, 4, 5, 6, 7]
[2/3] Training ImportanceNet on milestone labels...
   epoch 5/20  MSE=1.0355  [4.6s]
   epoch 10/20  MSE=0.9870  [9.1s]
   epoch 15/20  MSE=0.8568  [13.7s]
   epoch 20/20  MSE=0.6960  [18.2s]
   training done [18.2s]
[3/3] Running head-to-head...
   naive        pi=5.286e-05  rel.sd=0.225  cost=1.34e+08  FOM=1.476e-07  zeros=0/10  [82.5s]
   WE[m]      pi=5.552e-05  rel.sd=0.201  cost=2.12e+08  FOM=1.173e-07  zeros=0/10  [197.0s]
   WE[E]      pi=4.488e-05  rel.sd=0.209  cost=5.45e+08  FOM=4.215e-08  zeros=0/10  [575.1s]
   WE[I_theta] pi=4.888e-05  rel.sd=0.135  cost=6.95e+08  FOM=7.856e-08  zeros=0/10  [1751.4s]

Results saved to results_seed8.json
Total wall time: 1751.5s
=== SEED 8 DONE ===
=== SEED 9 START ===
=== Milestoning version ===
model=ea L=16 T=2.6 preset=custom beyond=1 replicas=10 jobs=7
[0/3] Running pilot and calibrating target...
   bulk mean = -0.7299, extreme = -1.0078, bulk_edge = -0.5689, target = -1.0356
   milestones: [-0.72985046 -0.77353021 -0.81720996 -0.86088971 -0.90456946 -0.94824921
 -0.99192896 -1.0356087 ]
[1/3] Collecting training data and computing milestone labels...
   computed in 205.1s, cached to .label_cache/labels_ea_L16_T2.6_b1_n2500.npz
   labels: mean=0.5650 sd=0.1191 range=[0.2448,1.0000]
   milestone bins occupied: [2, 3, 4, 5, 6, 7] of [0, 1, 2, 3, 4, 5, 6, 7]
[2/3] Training ImportanceNet on milestone labels...
   epoch 5/20  MSE=1.0362  [4.3s]
   epoch 10/20  MSE=0.9746  [8.5s]
   epoch 15/20  MSE=0.8586  [12.7s]
   epoch 20/20  MSE=0.6718  [16.8s]
   training done [16.8s]
[3/3] Running head-to-head...
   naive        pi=5.286e-05  rel.sd=0.225  cost=1.34e+08  FOM=1.476e-07  zeros=0/10  [84.6s]
   WE[m]      pi=5.552e-05  rel.sd=0.201  cost=2.12e+08  FOM=1.173e-07  zeros=0/10  [199.5s]
   WE[E]      pi=4.488e-05  rel.sd=0.209  cost=5.45e+08  FOM=4.215e-08  zeros=0/10  [577.3s]
   WE[I_theta] pi=5.033e-05  rel.sd=0.159  cost=7.01e+08  FOM=5.656e-08  zeros=0/10  [1767.7s]

Results saved to results_seed9.json
Total wall time: 1767.7s
=== SEED 9 DONE ===
=== SEED 10 START ===
=== Milestoning version ===
model=ea L=16 T=2.6 preset=custom beyond=1 replicas=10 jobs=7
[0/3] Running pilot and calibrating target...
   bulk mean = -0.7299, extreme = -1.0078, bulk_edge = -0.5689, target = -1.0356
   milestones: [-0.72985046 -0.77353021 -0.81720996 -0.86088971 -0.90456946 -0.94824921
 -0.99192896 -1.0356087 ]
[1/3] Collecting training data and computing milestone labels...
   computed in 202.2s, cached to .label_cache/labels_ea_L16_T2.6_b1_n2500.npz
   labels: mean=0.5650 sd=0.1191 range=[0.2448,1.0000]
   milestone bins occupied: [2, 3, 4, 5, 6, 7] of [0, 1, 2, 3, 4, 5, 6, 7]
[2/3] Training ImportanceNet on milestone labels...
   epoch 5/20  MSE=1.0158  [4.7s]
   epoch 10/20  MSE=0.9514  [9.3s]
   epoch 15/20  MSE=0.8263  [13.8s]
   epoch 20/20  MSE=0.6577  [18.4s]
   training done [18.4s]
[3/3] Running head-to-head...
   naive        pi=5.286e-05  rel.sd=0.225  cost=1.34e+08  FOM=1.476e-07  zeros=0/10  [83.1s]
   WE[m]      pi=5.552e-05  rel.sd=0.201  cost=2.12e+08  FOM=1.173e-07  zeros=0/10  [198.2s]
   WE[E]      pi=4.488e-05  rel.sd=0.209  cost=5.45e+08  FOM=4.215e-08  zeros=0/10  [576.7s]
   WE[I_theta] pi=4.796e-05  rel.sd=0.157  cost=6.94e+08  FOM=5.850e-08  zeros=0/10  [1760.0s]

Results saved to results_seed10.json
Total wall time: 1760.0s
=== SEED 10 DONE ===
