=== SEED 11 START ===
=== Milestoning version ===
model=ea L=16 T=2.6 preset=custom beyond=1 replicas=10 jobs=7
[0/3] Running pilot and calibrating target...
   bulk mean = -0.7299, extreme = -1.0078, bulk_edge = -0.5689, target = -1.0356
   milestones: [-0.72985046 -0.77353021 -0.81720996 -0.86088971 -0.90456946 -0.94824921
 -0.99192896 -1.0356087 ]
[1/3] Collecting training data and computing milestone labels...
   computed in 198.0s, cached to .label_cache/labels_ea_L16_T2.6_b1_n2500.npz
   labels: mean=0.5650 sd=0.1191 range=[0.2448,1.0000]
   milestone bins occupied: [2, 3, 4, 5, 6, 7] of [0, 1, 2, 3, 4, 5, 6, 7]
[2/3] Training ImportanceNet on milestone labels...
   epoch 5/20  MSE=1.0358  [4.6s]
   epoch 10/20  MSE=0.9717  [8.9s]
   epoch 15/20  MSE=0.8301  [13.2s]
   epoch 20/20  MSE=0.6943  [17.7s]
   training done [17.7s]
[3/3] Running head-to-head...
   naive        pi=5.286e-05  rel.sd=0.225  cost=1.34e+08  FOM=1.476e-07  zeros=0/10  [83.2s]
   WE[m]      pi=5.552e-05  rel.sd=0.201  cost=2.12e+08  FOM=1.173e-07  zeros=0/10  [197.5s]
   WE[E]      pi=4.488e-05  rel.sd=0.209  cost=5.45e+08  FOM=4.215e-08  zeros=0/10  [575.3s]
   WE[I_theta] pi=4.810e-05  rel.sd=0.202  cost=7.07e+08  FOM=3.482e-08  zeros=0/10  [1781.4s]

Results saved to results_seed11.json
Total wall time: 1781.4s
=== SEED 11 DONE ===
=== SEED 12 START ===
=== Milestoning version ===
model=ea L=16 T=2.6 preset=custom beyond=1 replicas=10 jobs=7
[0/3] Running pilot and calibrating target...
   bulk mean = -0.7299, extreme = -1.0078, bulk_edge = -0.5689, target = -1.0356
   milestones: [-0.72985046 -0.77353021 -0.81720996 -0.86088971 -0.90456946 -0.94824921
 -0.99192896 -1.0356087 ]
[1/3] Collecting training data and computing milestone labels...
   computed in 201.0s, cached to .label_cache/labels_ea_L16_T2.6_b1_n2500.npz
   labels: mean=0.5650 sd=0.1191 range=[0.2448,1.0000]
   milestone bins occupied: [2, 3, 4, 5, 6, 7] of [0, 1, 2, 3, 4, 5, 6, 7]
[2/3] Training ImportanceNet on milestone labels...
   epoch 5/20  MSE=1.0279  [3.7s]
   epoch 10/20  MSE=0.9610  [7.3s]
   epoch 15/20  MSE=0.8516  [10.9s]
   epoch 20/20  MSE=0.7570  [14.5s]
   training done [14.5s]
[3/3] Running head-to-head...
   naive        pi=5.286e-05  rel.sd=0.225  cost=1.34e+08  FOM=1.476e-07  zeros=0/10  [84.0s]
   WE[m]      pi=5.552e-05  rel.sd=0.201  cost=2.12e+08  FOM=1.173e-07  zeros=0/10  [200.3s]
   WE[E]      pi=4.488e-05  rel.sd=0.209  cost=5.45e+08  FOM=4.215e-08  zeros=0/10  [581.9s]
   WE[I_theta] pi=5.138e-05  rel.sd=0.230  cost=6.86e+08  FOM=2.760e-08  zeros=0/10  [1763.6s]

Results saved to results_seed12.json
Total wall time: 1763.6s
=== SEED 12 DONE ===
=== SEED 13 START ===
=== Milestoning version ===
model=ea L=16 T=2.6 preset=custom beyond=1 replicas=10 jobs=7
[0/3] Running pilot and calibrating target...
   bulk mean = -0.7299, extreme = -1.0078, bulk_edge = -0.5689, target = -1.0356
   milestones: [-0.72985046 -0.77353021 -0.81720996 -0.86088971 -0.90456946 -0.94824921
 -0.99192896 -1.0356087 ]
[1/3] Collecting training data and computing milestone labels...
   computed in 198.5s, cached to .label_cache/labels_ea_L16_T2.6_b1_n2500.npz
   labels: mean=0.5650 sd=0.1191 range=[0.2448,1.0000]
   milestone bins occupied: [2, 3, 4, 5, 6, 7] of [0, 1, 2, 3, 4, 5, 6, 7]
[2/3] Training ImportanceNet on milestone labels...
   epoch 5/20  MSE=1.0295  [4.2s]
   epoch 10/20  MSE=0.9723  [8.3s]
   epoch 15/20  MSE=0.8480  [12.4s]
   epoch 20/20  MSE=0.7256  [16.4s]
   training done [16.4s]
[3/3] Running head-to-head...
   naive        pi=5.286e-05  rel.sd=0.225  cost=1.34e+08  FOM=1.476e-07  zeros=0/10  [83.0s]
   WE[m]      pi=5.552e-05  rel.sd=0.201  cost=2.12e+08  FOM=1.173e-07  zeros=0/10  [199.1s]
   WE[E]      pi=4.488e-05  rel.sd=0.209  cost=5.45e+08  FOM=4.215e-08  zeros=0/10  [578.3s]
   WE[I_theta] pi=4.827e-05  rel.sd=0.150  cost=6.94e+08  FOM=6.364e-08  zeros=0/10  [1774.1s]

Results saved to results_seed13.json
Total wall time: 1774.1s
=== SEED 13 DONE ===
=== SEED 14 START ===
=== Milestoning version ===
model=ea L=16 T=2.6 preset=custom beyond=1 replicas=10 jobs=7
[0/3] Running pilot and calibrating target...
   bulk mean = -0.7299, extreme = -1.0078, bulk_edge = -0.5689, target = -1.0356
   milestones: [-0.72985046 -0.77353021 -0.81720996 -0.86088971 -0.90456946 -0.94824921
 -0.99192896 -1.0356087 ]
[1/3] Collecting training data and computing milestone labels...
   computed in 196.4s, cached to .label_cache/labels_ea_L16_T2.6_b1_n2500.npz
   labels: mean=0.5650 sd=0.1191 range=[0.2448,1.0000]
   milestone bins occupied: [2, 3, 4, 5, 6, 7] of [0, 1, 2, 3, 4, 5, 6, 7]
[2/3] Training ImportanceNet on milestone labels...
   epoch 5/20  MSE=1.0296  [4.1s]
   epoch 10/20  MSE=0.9915  [8.0s]
   epoch 15/20  MSE=0.8966  [11.9s]
   epoch 20/20  MSE=0.7957  [16.0s]
   training done [16.0s]
[3/3] Running head-to-head...
   naive        pi=5.286e-05  rel.sd=0.225  cost=1.34e+08  FOM=1.476e-07  zeros=0/10  [83.1s]
   WE[m]      pi=5.552e-05  rel.sd=0.201  cost=2.12e+08  FOM=1.173e-07  zeros=0/10  [199.1s]
   WE[E]      pi=4.488e-05  rel.sd=0.209  cost=5.45e+08  FOM=4.215e-08  zeros=0/10  [578.0s]
   WE[I_theta] pi=4.938e-05  rel.sd=0.146  cost=6.89e+08  FOM=6.762e-08  zeros=0/10  [1736.9s]

Results saved to results_seed14.json
Total wall time: 1736.9s
=== SEED 14 DONE ===
=== SEED 15 START ===
=== Milestoning version ===
model=ea L=16 T=2.6 preset=custom beyond=1 replicas=10 jobs=7
[0/3] Running pilot and calibrating target...
   bulk mean = -0.7299, extreme = -1.0078, bulk_edge = -0.5689, target = -1.0356
   milestones: [-0.72985046 -0.77353021 -0.81720996 -0.86088971 -0.90456946 -0.94824921
 -0.99192896 -1.0356087 ]
[1/3] Collecting training data and computing milestone labels...
   computed in 198.6s, cached to .label_cache/labels_ea_L16_T2.6_b1_n2500.npz
   labels: mean=0.5650 sd=0.1191 range=[0.2448,1.0000]
   milestone bins occupied: [2, 3, 4, 5, 6, 7] of [0, 1, 2, 3, 4, 5, 6, 7]
[2/3] Training ImportanceNet on milestone labels...
   epoch 5/20  MSE=1.0240  [4.8s]
   epoch 10/20  MSE=0.9619  [9.5s]
   epoch 15/20  MSE=0.8373  [14.0s]
   epoch 20/20  MSE=0.6684  [18.6s]
   training done [18.6s]
[3/3] Running head-to-head...
   naive        pi=5.286e-05  rel.sd=0.225  cost=1.34e+08  FOM=1.476e-07  zeros=0/10  [83.2s]
   WE[m]      pi=5.552e-05  rel.sd=0.201  cost=2.12e+08  FOM=1.173e-07  zeros=0/10  [198.7s]
   WE[E]      pi=4.488e-05  rel.sd=0.209  cost=5.45e+08  FOM=4.215e-08  zeros=0/10  [577.5s]
   WE[I_theta] pi=4.527e-05  rel.sd=0.232  cost=7.00e+08  FOM=2.655e-08  zeros=0/10  [1774.1s]

Results saved to results_seed15.json
Total wall time: 1774.1s
=== SEED 15 DONE ===
