WE budget: n_bins=80  n_per_bin=40  we_iter=3000  we_burn=600  tau=2
=== Stage 5: learned importance vs coordinate baselines ===
model=ea  L=16  T=2.6 (Tc=2.269)  preset=full  replicas=30  jobs=7
[0/2] calibrating a rare-but-reachable target ...
   pilot saw 25,600 samples, extreme = -1.0469, bulk mean = -0.7414
   ladder spans E/N -0.5757 -> -1.1094
   calibrated target (4 step(s) beyond pilot extreme): E/N <= -1.1094
   -> rarer than ~3.9e-05, so naive MC of this size should struggle or fail

[1/2] learning I_theta(s) (objective=selfconsistent) ...
   training set: 5787 configs, 2619 already in the target, 5787 boundary-anchor states force-included, 0 bulk-anchor states  [147s]
   WARNING: no bulk-anchor states found either -- the second boundary condition cannot fire.
            The degenerate constant solution is still available; do not trust this run.
   epoch 5/20  mean self-consistency residual^2=0.000001  [2513s]
   epoch 10/20  mean self-consistency residual^2=0.000000  [4893s]
   epoch 15/20  mean self-consistency residual^2=0.000000  [7277s]
   epoch 20/20  mean self-consistency residual^2=0.000000  [9668s]
   trained ln I(s) over the training set: mean=0.0025 sd=0.0062 range=[-0.012,0.029]
   saved trained net to net_disorder34567_seed0_selfconsistent.pt for reuse
      done [9670s]

[2/2] head-to-head (FOM divides out cost; costs are NOT equalised) ...
   naive        pi=1.825e-06  rel.sd=1.313  cost=1.34e+08  FOM=4.319e-09  zero-replicas=16/30  [9806s]
