WE budget: n_bins=80  n_per_bin=40  we_iter=3000  we_burn=600  tau=2
=== Stage 5: learned importance vs coordinate baselines ===
model=ea  L=16  T=2.6 (Tc=2.269)  preset=full  replicas=30  jobs=7
[0/2] calibrating a rare-but-reachable target ...
   using user-supplied threshold -1.119 (ladder bulk edge -0.5675 from pilot)

[1/2] learning I_theta(s) (objective=selfconsistent) ...
   loaded cached net from net_seed2_selfconsistent.pt -- skipped training [1s]

[2/2] head-to-head (FOM divides out cost; costs are NOT equalised) ...
   naive        pi=7.937e-08  rel.sd=5.477  cost=1.34e+08  FOM=2.480e-10  zero-replicas=29/30  [165s]
   WE[m]        pi=1.253e-07  rel.sd=3.178  cost=9.56e+08  FOM=1.036e-10  zero-replicas=25/30  [2228s]
   WE[E]        pi=1.672e-07  rel.sd=1.878  cost=1.67e+09  FOM=1.694e-10  zero-replicas=18/30  [6172s]
   WE[I_theta]  pi=2.400e-07  rel.sd=1.340  cost=3.15e+09  FOM=1.767e-10  zero-replicas=9/30  [24097s]

--- summary (FOM relative to the Phase-2 baseline WE[m]) ---
   naive        FOM=2.480e-10   x    2.39 vs WE[m]
   WE[m]        FOM=1.036e-10   x    1.00 vs WE[m]
   WE[E]        FOM=1.694e-10   x    1.64 vs WE[m]
   WE[I_theta]  FOM=1.767e-10   x    1.71 vs WE[m]

Interpretation: for 'ferro', m is already a good coordinate, so the learned map need only match it.
For 'ea' (spin glass) m is useless -- that is where a learned importance map should win.
NOTE: methods with zero-replicas failed to observe the event at all in some replicas;
their FOM is not meaningful -- that IS the failure mode being demonstrated.

saved results_selfconsistent_deep_seed2_r30_confirm_ea_L16_full_selfconsistent.json   total wall time 24097s
