WE budget: n_bins=80  n_per_bin=40  we_iter=3000  we_burn=600  tau=2
=== Stage 5: learned importance vs coordinate baselines ===
model=ea  L=16  T=2.6 (Tc=2.269)  preset=full  replicas=10  jobs=7
[0/2] calibrating a rare-but-reachable target ...
   using user-supplied threshold -1.119 (ladder bulk edge -0.5675 from pilot)

[1/2] learning I_theta(s) (objective=selfconsistent) ...
   training set: 2500 configs, 266 already in the target, 485 boundary-anchor states force-included, 460 bulk-anchor states  [148s]
   epoch 5/20  mean self-consistency residual^2=1.275452  [1186s]
   epoch 10/20  mean self-consistency residual^2=0.277392  [2232s]
   epoch 15/20  mean self-consistency residual^2=0.179825  [3283s]
   epoch 20/20  mean self-consistency residual^2=0.132780  [4334s]
   trained ln I(s) over the training set: mean=-5.0607 sd=1.9492 range=[-7.378,0.036]
      done [4335s]

[2/2] head-to-head (FOM divides out cost; costs are NOT equalised) ...
   naive        pi=0.000e+00  rel.sd=inf  cost=1.34e+08  FOM=0.000e+00  zero-replicas=10/10  [4379s]
   WE[m]        pi=8.675e-08  rel.sd=2.263  cost=9.56e+08  FOM=2.044e-10  zero-replicas=8/10  [4955s]
   WE[E]        pi=2.690e-07  rel.sd=1.618  cost=1.67e+09  FOM=2.282e-10  zero-replicas=5/10  [6128s]
   WE[I_theta]  pi=9.860e-08  rel.sd=1.836  cost=2.97e+09  FOM=9.990e-11  zero-replicas=4/10  [11165s]

--- summary (FOM relative to the Phase-2 baseline WE[m]) ---
   naive        FOM=0.000e+00   x    0.00 vs WE[m]
   WE[m]        FOM=2.044e-10   x    1.00 vs WE[m]
   WE[E]        FOM=2.282e-10   x    1.12 vs WE[m]
   WE[I_theta]  FOM=9.990e-11   x    0.49 vs WE[m]

Interpretation: for 'ferro', m is already a good coordinate, so the learned map need only match it.
For 'ea' (spin glass) m is useless -- that is where a learned importance map should win.
NOTE: methods with zero-replicas failed to observe the event at all in some replicas;
their FOM is not meaningful -- that IS the failure mode being demonstrated.

saved results_selfconsistent_deep_ea_L16_full_selfconsistent.json   total wall time 11165s
