WE budget: n_bins=80  n_per_bin=40  we_iter=3000  we_burn=600  tau=2
=== Stage 5: learned importance vs coordinate baselines ===
model=ea  L=16  T=2.6 (Tc=2.269)  preset=full  replicas=30  jobs=7
[0/2] calibrating a rare-but-reachable target ...
   pilot saw 25,600 samples, extreme = -1.0312, bulk mean = -0.7149
   ladder spans E/N -0.5576 -> -1.0938
   calibrated target (4 step(s) beyond pilot extreme): E/N <= -1.0938
   -> rarer than ~3.9e-05, so naive MC of this size should struggle or fail

[1/2] learning I_theta(s) (objective=selfconsistent) ...
   training set: 2500 configs, 0 already in the target, 317 boundary-anchor states force-included, 436 bulk-anchor states  [169s]
   epoch 5/20  mean self-consistency residual^2=0.685672  [1216s]
   epoch 10/20  mean self-consistency residual^2=0.478180  [2275s]
   epoch 15/20  mean self-consistency residual^2=0.306418  [3337s]
   epoch 20/20  mean self-consistency residual^2=0.181282  [4406s]
   trained ln I(s) over the training set: mean=-5.5289 sd=0.7812 range=[-6.493,-3.398]
   saved trained net to net_disorder56789_seed0_selfconsistent.pt for reuse
      done [4407s]

[2/2] head-to-head (FOM divides out cost; costs are NOT equalised) ...
   naive        pi=7.937e-08  rel.sd=5.477  cost=1.34e+08  FOM=2.480e-10  zero-replicas=29/30  [4561s]
   WE[m]        pi=1.883e-07  rel.sd=3.969  cost=9.46e+08  FOM=6.706e-11  zero-replicas=23/30  [6518s]
   WE[E]        pi=1.722e-07  rel.sd=1.649  cost=1.58e+09  FOM=2.332e-10  zero-replicas=15/30  [10102s]
   WE[I_theta]  pi=1.918e-07  rel.sd=1.360  cost=3.24e+09  FOM=1.670e-10  zero-replicas=10/30  [27759s]

--- summary (FOM relative to the Phase-2 baseline WE[m]) ---
   naive        FOM=2.480e-10   x    3.70 vs WE[m]
   WE[m]        FOM=6.706e-11   x    1.00 vs WE[m]
   WE[E]        FOM=2.332e-10   x    3.48 vs WE[m]
   WE[I_theta]  FOM=1.670e-10   x    2.49 vs WE[m]

Interpretation: for 'ferro', m is already a good coordinate, so the learned map need only match it.
For 'ea' (spin glass) m is useless -- that is where a learned importance map should win.
NOTE: methods with zero-replicas failed to observe the event at all in some replicas;
their FOM is not meaningful -- that IS the failure mode being demonstrated.

saved results_selfconsistent_deep_disorder56789_r30_ea_L16_full_selfconsistent.json   total wall time 27759s
