WE budget: n_bins=80  n_per_bin=40  we_iter=3000  we_burn=600  tau=2
=== Stage 5: learned importance vs coordinate baselines ===
model=ea  L=16  T=2.6 (Tc=2.269)  preset=full  replicas=30  jobs=7
[0/2] calibrating a rare-but-reachable target ...
   pilot saw 25,600 samples, extreme = -1.0547, bulk mean = -0.7374
   ladder spans E/N -0.5730 -> -1.1172
   calibrated target (4 step(s) beyond pilot extreme): E/N <= -1.1172
   -> rarer than ~3.9e-05, so naive MC of this size should struggle or fail

[1/2] learning I_theta(s) (objective=selfconsistent) ...
   training set: 2500 configs, 804 already in the target, 2898 boundary-anchor states force-included, 158 bulk-anchor states  [166s]
   epoch 5/20  mean self-consistency residual^2=12.668394  [1206s]
   epoch 10/20  mean self-consistency residual^2=0.986478  [2243s]
   epoch 15/20  mean self-consistency residual^2=0.359001  [3282s]
   epoch 20/20  mean self-consistency residual^2=0.188440  [4320s]
   trained ln I(s) over the training set: mean=-2.5385 sd=2.2060 range=[-8.004,-0.004]
   saved trained net to net_disorder67890_seed0_selfconsistent.pt for reuse
      done [4321s]

[2/2] head-to-head (FOM divides out cost; costs are NOT equalised) ...
   naive        pi=6.349e-07  rel.sd=1.953  cost=1.34e+08  FOM=1.950e-09  zero-replicas=23/30  [4463s]
   WE[m]        pi=1.084e-06  rel.sd=1.530  cost=9.69e+08  FOM=4.408e-10  zero-replicas=6/30  [6298s]
   WE[E]        pi=9.823e-07  rel.sd=0.807  cost=1.70e+09  FOM=9.057e-10  zero-replicas=1/30  [9938s]
   WE[I_theta]  pi=1.060e-06  rel.sd=0.700  cost=3.19e+09  FOM=6.401e-10  zero-replicas=2/30  [27411s]

--- summary (FOM relative to the Phase-2 baseline WE[m]) ---
   naive        FOM=1.950e-09   x    4.42 vs WE[m]
   WE[m]        FOM=4.408e-10   x    1.00 vs WE[m]
   WE[E]        FOM=9.057e-10   x    2.05 vs WE[m]
   WE[I_theta]  FOM=6.401e-10   x    1.45 vs WE[m]

Interpretation: for 'ferro', m is already a good coordinate, so the learned map need only match it.
For 'ea' (spin glass) m is useless -- that is where a learned importance map should win.
NOTE: methods with zero-replicas failed to observe the event at all in some replicas;
their FOM is not meaningful -- that IS the failure mode being demonstrated.

saved results_selfconsistent_deep_disorder67890_r30_ea_L16_full_selfconsistent.json   total wall time 27411s
