WE budget: n_bins=80  n_per_bin=40  we_iter=3000  we_burn=600  tau=2
=== Stage 5: learned importance vs coordinate baselines ===
model=ea  L=16  T=2.6 (Tc=2.269)  preset=full  replicas=30  jobs=7
[0/2] calibrating a rare-but-reachable target ...
   pilot saw 25,600 samples, extreme = -1.0391, bulk mean = -0.7266
   ladder spans E/N -0.5647 -> -1.1016
   calibrated target (4 step(s) beyond pilot extreme): E/N <= -1.1016
   -> rarer than ~3.9e-05, so naive MC of this size should struggle or fail

[1/2] learning I_theta(s) (objective=selfconsistent) ...
   training set: 2500 configs, 947 already in the target, 1835 boundary-anchor states force-included, 157 bulk-anchor states  [146s]
   epoch 5/20  mean self-consistency residual^2=11.834492  [1187s]
   epoch 10/20  mean self-consistency residual^2=1.189890  [2246s]
   epoch 15/20  mean self-consistency residual^2=0.468212  [3312s]
   epoch 20/20  mean self-consistency residual^2=0.192607  [4375s]
   trained ln I(s) over the training set: mean=-2.3565 sd=2.2571 range=[-7.902,-0.043]
   saved trained net to net_disorder45678_seed0_selfconsistent.pt for reuse
      done [4376s]

[2/2] head-to-head (FOM divides out cost; costs are NOT equalised) ...
   naive        pi=3.175e-07  rel.sd=2.593  cost=1.34e+08  FOM=1.107e-09  zero-replicas=26/30  [4516s]
   WE[m]        pi=5.720e-07  rel.sd=1.973  cost=9.05e+08  FOM=2.837e-10  zero-replicas=15/30  [6228s]
   WE[E]        pi=7.313e-07  rel.sd=0.874  cost=1.62e+09  FOM=8.066e-10  zero-replicas=4/30  [9721s]
   WE[I_theta]  pi=7.535e-07  rel.sd=0.758  cost=3.16e+09  FOM=5.504e-10  zero-replicas=1/30  [27070s]

--- summary (FOM relative to the Phase-2 baseline WE[m]) ---
   naive        FOM=1.107e-09   x    3.90 vs WE[m]
   WE[m]        FOM=2.837e-10   x    1.00 vs WE[m]
   WE[E]        FOM=8.066e-10   x    2.84 vs WE[m]
   WE[I_theta]  FOM=5.504e-10   x    1.94 vs WE[m]

Interpretation: for 'ferro', m is already a good coordinate, so the learned map need only match it.
For 'ea' (spin glass) m is useless -- that is where a learned importance map should win.
NOTE: methods with zero-replicas failed to observe the event at all in some replicas;
their FOM is not meaningful -- that IS the failure mode being demonstrated.

saved results_selfconsistent_deep_disorder45678_r30_ea_L16_full_selfconsistent.json   total wall time 27070s
